// Jest Snapshot v1, https://goo.gl/fbAQLP

exports[`Button render matches snapshot renders button 1`] = `
Object {
  "asFragment": [Function],
  "baseElement": <body>
    <div>
      <button
        class="MuiButtonBase-root MuiButton-root MuiButton-text"
        tabindex="0"
        type="button"
      >
        <span
          class="MuiButton-label"
        />
        <span
          class="MuiTouchRipple-root"
        />
      </button>
    </div>
  </body>,
  "container": <div>
    <button
      class="MuiButtonBase-root MuiButton-root MuiButton-text"
      tabindex="0"
      type="button"
    >
      <span
        class="MuiButton-label"
      />
      <span
        class="MuiTouchRipple-root"
      />
    </button>
  </div>,
  "debug": [Function],
  "findAllByAltText": [Function],
  "findAllByDisplayValue": [Function],
  "findAllByLabelText": [Function],
  "findAllByPlaceholderText": [Function],
  "findAllByRole": [Function],
  "findAllByTestId": [Function],
  "findAllByText": [Function],
  "findAllByTitle": [Function],
  "findByAltText": [Function],
  "findByDisplayValue": [Function],
  "findByLabelText": [Function],
  "findByPlaceholderText": [Function],
  "findByRole": [Function],
  "findByTestId": [Function],
  "findByText": [Function],
  "findByTitle": [Function],
  "getAllByAltText": [Function],
  "getAllByDisplayValue": [Function],
  "getAllByLabelText": [Function],
  "getAllByPlaceholderText": [Function],
  "getAllByRole": [Function],
  "getAllByTestId": [Function],
  "getAllByText": [Function],
  "getAllByTitle": [Function],
  "getByAltText": [Function],
  "getByDisplayValue": [Function],
  "getByLabelText": [Function],
  "getByPlaceholderText": [Function],
  "getByRole": [Function],
  "getByTestId": [Function],
  "getByText": [Function],
  "getByTitle": [Function],
  "queryAllByAltText": [Function],
  "queryAllByDisplayValue": [Function],
  "queryAllByLabelText": [Function],
  "queryAllByPlaceholderText": [Function],
  "queryAllByRole": [Function],
  "queryAllByTestId": [Function],
  "queryAllByText": [Function],
  "queryAllByTitle": [Function],
  "queryByAltText": [Function],
  "queryByDisplayValue": [Function],
  "queryByLabelText": [Function],
  "queryByPlaceholderText": [Function],
  "queryByRole": [Function],
  "queryByTestId": [Function],
  "queryByText": [Function],
  "queryByTitle": [Function],
  "rerender": [Function],
  "unmount": [Function],
}
`;

exports[`NotFoundPage matches snapshot matches snapshot 1`] = `
<div>
  <main
    class="MuiGrid-root NotFoundPage-root-1 MuiGrid-container"
  >
    <div
      class="MuiGrid-root MuiGrid-container MuiGrid-direction-xs-column MuiGrid-align-items-xs-center MuiGrid-justify-content-xs-center"
      style="min-height: 100vh;"
    >
      <img
        alt="logo"
        src="logo.svg"
      />
      <h1>
        404 - Not Found!
      </h1>
      <a
        class="MuiTypography-root MuiLink-root MuiLink-underlineHover MuiTypography-colorPrimary"
        href="/"
      >
        <button
          class="MuiButtonBase-root MuiButton-root MuiButton-contained MuiButton-containedPrimary"
          tabindex="0"
          type="button"
        >
          <span
            class="MuiButton-label"
          >
            Go Home
          </span>
          <span
            class="MuiTouchRipple-root"
          />
        </button>
      </a>
    </div>
  </main>
</div>
`;

exports[`NotFoundPage matches snapshot render snapshot 1`] = `
<div>
  <main
    class="MuiGrid-root NotFoundPage-root-1 MuiGrid-container"
  >
    <div
      class="MuiGrid-root MuiGrid-container MuiGrid-direction-xs-column MuiGrid-align-items-xs-center MuiGrid-justify-content-xs-center"
      style="min-height: 100vh;"
    >
      <img
        alt="logo"
        src="logo.svg"
      />
      <h1>
        404 - Not Found!
      </h1>
      <a
        class="MuiTypography-root MuiLink-root MuiLink-underlineHover MuiTypography-colorPrimary"
        href="/"
      >
        <button
          class="MuiButtonBase-root MuiButton-root MuiButton-contained MuiButton-containedPrimary"
          tabindex="0"
          type="button"
        >
          <span
            class="MuiButton-label"
          >
            Go Home
          </span>
          <span
            class="MuiTouchRipple-root"
          />
        </button>
      </a>
    </div>
  </main>
</div>
`;

exports[`Rendering page NotFoundPage renders without crashing 1`] = `
<div>
  <main
    class="MuiGrid-root NotFoundPage-root-1 MuiGrid-container"
  >
    <div
      class="MuiGrid-root MuiGrid-container MuiGrid-direction-xs-column MuiGrid-align-items-xs-center MuiGrid-justify-content-xs-center"
      style="min-height: 100vh;"
    >
      <img
        alt="logo"
        src="logo.svg"
      />
      <h1>
        404 - Not Found!
      </h1>
      <a
        class="MuiTypography-root MuiLink-root MuiLink-underlineHover MuiTypography-colorPrimary"
        href="/"
      >
        <button
          class="MuiButtonBase-root MuiButton-root MuiButton-contained MuiButton-containedPrimary"
          tabindex="0"
          type="button"
        >
          <span
            class="MuiButton-label"
          >
            Go Home
          </span>
        </button>
      </a>
    </div>
  </main>
</div>
`;
