// Jest Snapshot v1, https://goo.gl/fbAQLP

exports[`renders learn react link 1`] = `
<div>
  <h1
    class="App-title"
  />
</div>
`;
