// Jest Snapshot v1, https://goo.gl/fbAQLP

exports[`renders login 1`] = `
<div>
  <main
    class="MuiGrid-root Login-root-1 MuiGrid-container"
  >
    <div
      class="MuiGrid-root Login-steps-2 MuiGrid-item MuiGrid-grid-xs-12 MuiGrid-grid-sm-4 MuiGrid-grid-md-7"
    >
      <div
        class="MuiBox-root MuiBox-root-6"
      >
        <img
          alt="logo"
          src="logo.svg"
        />
      </div>
    </div>
    <div
      class="MuiPaper-root MuiGrid-root MuiGrid-item MuiGrid-grid-xs-12 MuiGrid-grid-sm-8 MuiGrid-grid-md-5 MuiPaper-elevation6"
    >
      <div
        class="Login-paper-3"
      >
        <div
          class="MuiAvatar-root MuiAvatar-circular Login-avatar-4 MuiAvatar-colorDefault"
        >
          <svg
            aria-hidden="true"
            class="MuiSvgIcon-root"
            focusable="false"
            viewBox="0 0 24 24"
          >
            <path
              d="M18 8h-1V6c0-2.76-2.24-5-5-5S7 3.24 7 6v2H6c-1.1 0-2 .9-2 2v10c0 1.1.9 2 2 2h12c1.1 0 2-.9 2-2V10c0-1.1-.9-2-2-2zM9 6c0-1.66 1.34-3 3-3s3 1.34 3 3v2H9V6zm9 14H6V10h12v10zm-6-3c1.1 0 2-.9 2-2s-.9-2-2-2-2 .9-2 2 .9 2 2 2z"
            />
          </svg>
        </div>
        <h1
          class="MuiTypography-root MuiTypography-h5"
        >
          Sign in
        </h1>
        <div
          class="MuiBox-root MuiBox-root-7"
        >
          <mock-formfield
            autocomplete="email"
            label="Email Address"
            name="username"
            value=""
          />
          <mock-formfield
            autocomplete="current-password"
            label="Password"
            name="password"
            type="password"
          />
          <mock-loadingbutton
            classname="Login-submit-5"
            color="primary"
            fullwidth="true"
            loading="false"
            variant="contained"
          >
            Sign In
          </mock-loadingbutton>
          <div
            class="MuiGrid-root MuiGrid-container"
          >
            <div
              class="MuiGrid-root MuiGrid-item MuiGrid-grid-xs-true"
            >
              <mock-link
                to="/forgot-password"
                variant="body2"
              >
                Forgot password?
              </mock-link>
            </div>
            <div
              class="MuiGrid-root MuiGrid-item"
            >
              <mock-link
                to="/register"
                variant="body2"
              >
                Don't have an account? Register
              </mock-link>
            </div>
          </div>
          <div
            class="MuiBox-root MuiBox-root-8"
          >
            <span
              class="MuiTypography-root MuiTypography-caption"
            >
              Disclaimer: This application was built for SEPT 2021, and is a university project. Please do not provide valuable data into this application.
            </span>
          </div>
        </div>
      </div>
    </div>
  </main>
</div>
`;
