// Jest Snapshot v1, https://goo.gl/fbAQLP

exports[`renders internal link 1`] = `
<div>
  <mock-link
    to="/example-page"
  />
</div>
`;
