// Jest Snapshot v1, https://goo.gl/fbAQLP

exports[`LoadingButton render matches snapshot renders button 1`] = `
Object {
  "asFragment": [Function],
  "baseElement": <body>
    <div>
      <button
        class="MuiButtonBase-root MuiButton-root MuiButton-text"
        tabindex="0"
        type="button"
      >
        <span
          class="MuiButton-label"
        />
        <span
          class="MuiTouchRipple-root"
        />
      </button>
    </div>
  </body>,
  "container": <div>
    <button
      class="MuiButtonBase-root MuiButton-root MuiButton-text"
      tabindex="0"
      type="button"
    >
      <span
        class="MuiButton-label"
      />
      <span
        class="MuiTouchRipple-root"
      />
    </button>
  </div>,
  "debug": [Function],
  "findAllByAltText": [Function],
  "findAllByDisplayValue": [Function],
  "findAllByLabelText": [Function],
  "findAllByPlaceholderText": [Function],
  "findAllByRole": [Function],
  "findAllByTestId": [Function],
  "findAllByText": [Function],
  "findAllByTitle": [Function],
  "findByAltText": [Function],
  "findByDisplayValue": [Function],
  "findByLabelText": [Function],
  "findByPlaceholderText": [Function],
  "findByRole": [Function],
  "findByTestId": [Function],
  "findByText": [Function],
  "findByTitle": [Function],
  "getAllByAltText": [Function],
  "getAllByDisplayValue": [Function],
  "getAllByLabelText": [Function],
  "getAllByPlaceholderText": [Function],
  "getAllByRole": [Function],
  "getAllByTestId": [Function],
  "getAllByText": [Function],
  "getAllByTitle": [Function],
  "getByAltText": [Function],
  "getByDisplayValue": [Function],
  "getByLabelText": [Function],
  "getByPlaceholderText": [Function],
  "getByRole": [Function],
  "getByTestId": [Function],
  "getByText": [Function],
  "getByTitle": [Function],
  "queryAllByAltText": [Function],
  "queryAllByDisplayValue": [Function],
  "queryAllByLabelText": [Function],
  "queryAllByPlaceholderText": [Function],
  "queryAllByRole": [Function],
  "queryAllByTestId": [Function],
  "queryAllByText": [Function],
  "queryAllByTitle": [Function],
  "queryByAltText": [Function],
  "queryByDisplayValue": [Function],
  "queryByLabelText": [Function],
  "queryByPlaceholderText": [Function],
  "queryByRole": [Function],
  "queryByTestId": [Function],
  "queryByText": [Function],
  "queryByTitle": [Function],
  "rerender": [Function],
  "unmount": [Function],
}
`;

exports[`Rendering page UsersList renders without crashing 1`] = `
<div>
  <div
    class="MuiLinearProgress-root MuiLinearProgress-colorPrimary MuiLinearProgress-indeterminate"
    role="progressbar"
    style="margin-top: 80px;"
  >
    <div
      class="MuiLinearProgress-bar MuiLinearProgress-barColorPrimary MuiLinearProgress-bar1Indeterminate"
    />
    <div
      class="MuiLinearProgress-bar MuiLinearProgress-bar2Indeterminate MuiLinearProgress-barColorPrimary"
    />
  </div>
</div>
`;

exports[`UsersList matches snapshot render UsersList 1`] = `
<div>
  <div
    class="MuiLinearProgress-root MuiLinearProgress-colorPrimary MuiLinearProgress-indeterminate"
    role="progressbar"
    style="margin-top: 80px;"
  >
    <div
      class="MuiLinearProgress-bar MuiLinearProgress-barColorPrimary MuiLinearProgress-bar1Indeterminate"
    />
    <div
      class="MuiLinearProgress-bar MuiLinearProgress-bar2Indeterminate MuiLinearProgress-barColorPrimary"
    />
  </div>
</div>
`;
